Typo de errores encontrados:
        ! : IMPORTANT
        X : CRITICO
        ? : BAJO

-----------------------------------------------------------------------------------
??    : corregir en las validaciones y sustituir los print por raise
----------------------------------------------------------------------------------------------------------------------------------------------------------------------
!!    : muchas de las validaciones no muestra la descripcion del error en visual
-----------------------------------------------------------------------------------
!     : testear cuando se introdusca un estudiante y falle no halla insertado ya la direccion (si falla que la borre)